// Bun Snapshot v1, https://goo.gl/fbAQLP

exports[`big ole bigints work 1`] = `
[
  3,
  0,
  3,
  9,
  2,
  4,
  8,
  3,
  2,
  0,
  4,
  8,
  3,
  2,
  9,
  0,
  4,
  3,
  8,
  2,
  0,
  4,
  9,
  3,
  2,
  0,
  4,
  9,
  8,
  3,
  2,
  0,
  4,
  8,
  3,
  2,
  4,
  8,
  2,
  3,
  0,
  4,
  8,
  3,
  2,
  0,
  9,
  4,
  8,
  0,
  9,
  2,
  4,
  8,
  0,
  9,
  3,
  2,
  8,
  4,
  0,
  9,
  3,
  2,
  8,
  4,
  0,
  9,
  8,
  3,
  2,
  4,
  0,
  9,
  8,
  3,
  2,
  4,
  9,
  0,
  3,
  2,
  9,
  4,
  8,
  2,
  3,
  4,
  8,
]
`;
